Eigenval      Eigenvec
-8.30360660217       0.58783432791 -0.808981336577
1.16250627026       0.808981336577 0.58783432791
