Eigenval      Eigenvec
0.616850275068       1.0 0.0
2.46740110027       0.0 1.0
